[2021-09-28T16:32:58.395-0530][gc,heap] Heap region size: 1M
[2021-09-28T16:32:58.409-0530][gc     ] Using G1
[2021-09-28T16:32:58.409-0530][gc,heap,coops] Heap address: 0x00000007c0000000, size: 1024 MB, Compressed Oops mode: Zero based, Oop shift amount: 3
[2021-09-28T16:33:00.520-0530][gc,start     ] GC(0) Pause Young (Concurrent Start) (Metadata GC Threshold)
[2021-09-28T16:33:00.520-0530][gc,task      ] GC(0) Using 4 workers of 4 for evacuation
[2021-09-28T16:33:00.550-0530][gc,mmu       ] GC(0) MMU target violated: 21.0ms (20.0ms/21.0ms)
[2021-09-28T16:33:00.550-0530][gc,phases    ] GC(0)   Pre Evacuate Collection Set: 0.1ms
[2021-09-28T16:33:00.551-0530][gc,phases    ] GC(0)   Evacuate Collection Set: 28.7ms
[2021-09-28T16:33:00.551-0530][gc,phases    ] GC(0)   Post Evacuate Collection Set: 1.5ms
[2021-09-28T16:33:00.551-0530][gc,phases    ] GC(0)   Other: 0.7ms
[2021-09-28T16:33:00.551-0530][gc,heap      ] GC(0) Eden regions: 44->0(44)
[2021-09-28T16:33:00.551-0530][gc,heap      ] GC(0) Survivor regions: 0->7(7)
[2021-09-28T16:33:00.551-0530][gc,heap      ] GC(0) Old regions: 0->0
[2021-09-28T16:33:00.551-0530][gc,heap      ] GC(0) Humongous regions: 0->0
[2021-09-28T16:33:00.551-0530][gc,metaspace ] GC(0) Metaspace: 20775K->20775K(1069056K)
[2021-09-28T16:33:00.551-0530][gc           ] GC(0) Pause Young (Concurrent Start) (Metadata GC Threshold) 43M->6M(1024M) 31.240ms
[2021-09-28T16:33:00.551-0530][gc,cpu       ] GC(0) User=0.02s Sys=0.01s Real=0.03s
[2021-09-28T16:33:00.552-0530][gc           ] GC(1) Concurrent Cycle
[2021-09-28T16:33:00.552-0530][gc,marking   ] GC(1) Concurrent Clear Claimed Marks
[2021-09-28T16:33:00.552-0530][gc,marking   ] GC(1) Concurrent Clear Claimed Marks 0.054ms
[2021-09-28T16:33:00.552-0530][gc,marking   ] GC(1) Concurrent Scan Root Regions
[2021-09-28T16:33:00.558-0530][gc,marking   ] GC(1) Concurrent Scan Root Regions 5.440ms
[2021-09-28T16:33:00.558-0530][gc,marking   ] GC(1) Concurrent Mark (2.176s)
[2021-09-28T16:33:00.558-0530][gc,marking   ] GC(1) Concurrent Mark From Roots
[2021-09-28T16:33:00.558-0530][gc,task      ] GC(1) Using 1 workers of 1 for marking
[2021-09-28T16:33:00.558-0530][gc,marking   ] GC(1) Concurrent Mark From Roots 0.142ms
[2021-09-28T16:33:00.558-0530][gc,marking   ] GC(1) Concurrent Preclean
[2021-09-28T16:33:00.558-0530][gc,marking   ] GC(1) Concurrent Preclean 0.024ms
[2021-09-28T16:33:00.558-0530][gc,marking   ] GC(1) Concurrent Mark (2.176s, 2.176s) 0.217ms
[2021-09-28T16:33:00.558-0530][gc,start     ] GC(1) Pause Remark
[2021-09-28T16:33:00.561-0530][gc,stringtable] GC(1) Cleaned string and symbol table, strings: 7503 processed, 0 removed, symbols: 63605 processed, 28 removed
[2021-09-28T16:33:00.561-0530][gc            ] GC(1) Pause Remark 7M->7M(1024M) 2.883ms
[2021-09-28T16:33:00.561-0530][gc,cpu        ] GC(1) User=0.00s Sys=0.00s Real=0.01s
[2021-09-28T16:33:00.561-0530][gc,marking    ] GC(1) Concurrent Rebuild Remembered Sets
[2021-09-28T16:33:00.561-0530][gc,marking    ] GC(1) Concurrent Rebuild Remembered Sets 0.123ms
[2021-09-28T16:33:00.561-0530][gc,start      ] GC(1) Pause Cleanup
[2021-09-28T16:33:00.562-0530][gc            ] GC(1) Pause Cleanup 7M->7M(1024M) 0.144ms
[2021-09-28T16:33:00.562-0530][gc,cpu        ] GC(1) User=0.00s Sys=0.00s Real=0.00s
[2021-09-28T16:33:00.562-0530][gc,marking    ] GC(1) Concurrent Cleanup for Next Mark
[2021-09-28T16:33:00.572-0530][gc,marking    ] GC(1) Concurrent Cleanup for Next Mark 10.727ms
[2021-09-28T16:33:00.573-0530][gc            ] GC(1) Concurrent Cycle 21.409ms
[2021-09-28T16:33:02.661-0530][gc,start      ] GC(2) Pause Young (Normal) (G1 Evacuation Pause)
[2021-09-28T16:33:02.661-0530][gc,task       ] GC(2) Using 4 workers of 4 for evacuation
[2021-09-28T16:33:02.676-0530][gc,phases     ] GC(2)   Pre Evacuate Collection Set: 0.0ms
[2021-09-28T16:33:02.676-0530][gc,phases     ] GC(2)   Evacuate Collection Set: 13.7ms
[2021-09-28T16:33:02.676-0530][gc,phases     ] GC(2)   Post Evacuate Collection Set: 0.5ms
[2021-09-28T16:33:02.676-0530][gc,phases     ] GC(2)   Other: 0.2ms
[2021-09-28T16:33:02.676-0530][gc,heap       ] GC(2) Eden regions: 44->0(48)
[2021-09-28T16:33:02.676-0530][gc,heap       ] GC(2) Survivor regions: 7->3(7)
[2021-09-28T16:33:02.676-0530][gc,heap       ] GC(2) Old regions: 0->7
[2021-09-28T16:33:02.676-0530][gc,heap       ] GC(2) Humongous regions: 129->129
[2021-09-28T16:33:02.676-0530][gc,metaspace  ] GC(2) Metaspace: 30181K->30181K(1077248K)
[2021-09-28T16:33:02.676-0530][gc            ] GC(2) Pause Young (Normal) (G1 Evacuation Pause) 179M->138M(1024M) 14.542ms
[2021-09-28T16:33:02.676-0530][gc,cpu        ] GC(2) User=0.03s Sys=0.00s Real=0.01s
[2021-09-28T16:33:03.608-0530][gc,start      ] GC(3) Pause Young (Concurrent Start) (Metadata GC Threshold)
[2021-09-28T16:33:03.609-0530][gc,task       ] GC(3) Using 4 workers of 4 for evacuation
[2021-09-28T16:33:03.614-0530][gc,phases     ] GC(3)   Pre Evacuate Collection Set: 0.1ms
[2021-09-28T16:33:03.614-0530][gc,phases     ] GC(3)   Evacuate Collection Set: 5.2ms
[2021-09-28T16:33:03.614-0530][gc,phases     ] GC(3)   Post Evacuate Collection Set: 0.3ms
[2021-09-28T16:33:03.614-0530][gc,phases     ] GC(3)   Other: 0.2ms
[2021-09-28T16:33:03.614-0530][gc,heap       ] GC(3) Eden regions: 24->0(48)
[2021-09-28T16:33:03.614-0530][gc,heap       ] GC(3) Survivor regions: 3->3(7)
[2021-09-28T16:33:03.614-0530][gc,heap       ] GC(3) Old regions: 7->7
[2021-09-28T16:33:03.614-0530][gc,heap       ] GC(3) Humongous regions: 129->129
[2021-09-28T16:33:03.614-0530][gc,metaspace  ] GC(3) Metaspace: 34996K->34996K(1081344K)
[2021-09-28T16:33:03.614-0530][gc            ] GC(3) Pause Young (Concurrent Start) (Metadata GC Threshold) 162M->138M(1024M) 5.831ms
[2021-09-28T16:33:03.614-0530][gc,cpu        ] GC(3) User=0.01s Sys=0.00s Real=0.01s
[2021-09-28T16:33:03.614-0530][gc            ] GC(4) Concurrent Cycle
[2021-09-28T16:33:03.614-0530][gc,marking    ] GC(4) Concurrent Clear Claimed Marks
[2021-09-28T16:33:03.614-0530][gc,marking    ] GC(4) Concurrent Clear Claimed Marks 0.081ms
[2021-09-28T16:33:03.615-0530][gc,marking    ] GC(4) Concurrent Scan Root Regions
[2021-09-28T16:33:03.618-0530][gc,marking    ] GC(4) Concurrent Scan Root Regions 3.028ms
[2021-09-28T16:33:03.618-0530][gc,marking    ] GC(4) Concurrent Mark (5.235s)
[2021-09-28T16:33:03.618-0530][gc,marking    ] GC(4) Concurrent Mark From Roots
[2021-09-28T16:33:03.618-0530][gc,task       ] GC(4) Using 1 workers of 1 for marking
[2021-09-28T16:33:03.630-0530][gc,marking    ] GC(4) Concurrent Mark From Roots 12.746ms
[2021-09-28T16:33:03.630-0530][gc,marking    ] GC(4) Concurrent Preclean
[2021-09-28T16:33:03.631-0530][gc,marking    ] GC(4) Concurrent Preclean 0.108ms
[2021-09-28T16:33:03.631-0530][gc,marking    ] GC(4) Concurrent Mark (5.235s, 5.248s) 12.954ms
[2021-09-28T16:33:03.631-0530][gc,start      ] GC(4) Pause Remark
[2021-09-28T16:33:03.634-0530][gc,stringtable] GC(4) Cleaned string and symbol table, strings: 11324 processed, 8 removed, symbols: 96704 processed, 28 removed
[2021-09-28T16:33:03.634-0530][gc            ] GC(4) Pause Remark 140M->140M(1024M) 3.208ms
[2021-09-28T16:33:03.634-0530][gc,cpu        ] GC(4) User=0.01s Sys=0.00s Real=0.00s
[2021-09-28T16:33:03.634-0530][gc,marking    ] GC(4) Concurrent Rebuild Remembered Sets
[2021-09-28T16:33:03.640-0530][gc,marking    ] GC(4) Concurrent Rebuild Remembered Sets 6.024ms
[2021-09-28T16:33:03.640-0530][gc,start      ] GC(4) Pause Cleanup
[2021-09-28T16:33:03.640-0530][gc            ] GC(4) Pause Cleanup 140M->140M(1024M) 0.136ms
[2021-09-28T16:33:03.640-0530][gc,cpu        ] GC(4) User=0.00s Sys=0.00s Real=0.00s
[2021-09-28T16:33:03.640-0530][gc,marking    ] GC(4) Concurrent Cleanup for Next Mark
[2021-09-28T16:33:03.654-0530][gc,marking    ] GC(4) Concurrent Cleanup for Next Mark 13.935ms
[2021-09-28T16:33:03.654-0530][gc            ] GC(4) Concurrent Cycle 40.087ms
[2021-09-28T16:33:29.761-0530][gc,start      ] GC(5) Pause Young (Normal) (G1 Evacuation Pause)
[2021-09-28T16:33:29.763-0530][gc,task       ] GC(5) Using 4 workers of 4 for evacuation
[2021-09-28T16:33:29.775-0530][gc,phases     ] GC(5)   Pre Evacuate Collection Set: 0.0ms
[2021-09-28T16:33:29.775-0530][gc,phases     ] GC(5)   Evacuate Collection Set: 11.9ms
[2021-09-28T16:33:29.775-0530][gc,phases     ] GC(5)   Post Evacuate Collection Set: 0.3ms
[2021-09-28T16:33:29.775-0530][gc,phases     ] GC(5)   Other: 1.6ms
[2021-09-28T16:33:29.775-0530][gc,heap       ] GC(5) Eden regions: 48->0(44)
[2021-09-28T16:33:29.775-0530][gc,heap       ] GC(5) Survivor regions: 3->7(7)
[2021-09-28T16:33:29.775-0530][gc,heap       ] GC(5) Old regions: 7->7
[2021-09-28T16:33:29.775-0530][gc,heap       ] GC(5) Humongous regions: 129->129
[2021-09-28T16:33:29.775-0530][gc,metaspace  ] GC(5) Metaspace: 43596K->43596K(1089536K)
[2021-09-28T16:33:29.775-0530][gc            ] GC(5) Pause Young (Normal) (G1 Evacuation Pause) 186M->142M(1024M) 13.992ms
[2021-09-28T16:33:29.775-0530][gc,cpu        ] GC(5) User=0.03s Sys=0.01s Real=0.01s
[2021-09-28T16:41:06.485-0530][gc,heap,exit  ] Heap
[2021-09-28T16:41:06.486-0530][gc,heap,exit  ]  garbage-first heap   total 1048576K, used 160045K [0x00000007c0000000, 0x0000000800000000)
[2021-09-28T16:41:06.486-0530][gc,heap,exit  ]   region size 1024K, 22 young (22528K), 7 survivors (7168K)
[2021-09-28T16:41:06.486-0530][gc,heap,exit  ]  Metaspace       used 44948K, capacity 46529K, committed 46848K, reserved 1089536K
[2021-09-28T16:41:06.486-0530][gc,heap,exit  ]   class space    used 5303K, capacity 6074K, committed 6144K, reserved 1048576K
