[2021-09-28T17:28:00.078-0530][gc,heap] Heap region size: 1M
[2021-09-28T17:28:00.087-0530][gc     ] Using G1
[2021-09-28T17:28:00.087-0530][gc,heap,coops] Heap address: 0x00000007c0000000, size: 1024 MB, Compressed Oops mode: Zero based, Oop shift amount: 3
[2021-09-28T17:28:01.989-0530][gc,start     ] GC(0) Pause Young (Concurrent Start) (Metadata GC Threshold)
[2021-09-28T17:28:01.989-0530][gc,task      ] GC(0) Using 4 workers of 4 for evacuation
[2021-09-28T17:28:02.001-0530][gc,phases    ] GC(0)   Pre Evacuate Collection Set: 0.0ms
[2021-09-28T17:28:02.001-0530][gc,phases    ] GC(0)   Evacuate Collection Set: 10.8ms
[2021-09-28T17:28:02.001-0530][gc,phases    ] GC(0)   Post Evacuate Collection Set: 0.6ms
[2021-09-28T17:28:02.001-0530][gc,phases    ] GC(0)   Other: 0.7ms
[2021-09-28T17:28:02.001-0530][gc,heap      ] GC(0) Eden regions: 43->0(44)
[2021-09-28T17:28:02.001-0530][gc,heap      ] GC(0) Survivor regions: 0->7(7)
[2021-09-28T17:28:02.001-0530][gc,heap      ] GC(0) Old regions: 0->0
[2021-09-28T17:28:02.001-0530][gc,heap      ] GC(0) Humongous regions: 0->0
[2021-09-28T17:28:02.001-0530][gc,metaspace ] GC(0) Metaspace: 20698K->20698K(1069056K)
[2021-09-28T17:28:02.001-0530][gc           ] GC(0) Pause Young (Concurrent Start) (Metadata GC Threshold) 43M->6M(1024M) 12.261ms
[2021-09-28T17:28:02.001-0530][gc,cpu       ] GC(0) User=0.03s Sys=0.01s Real=0.02s
[2021-09-28T17:28:02.002-0530][gc           ] GC(1) Concurrent Cycle
[2021-09-28T17:28:02.002-0530][gc,marking   ] GC(1) Concurrent Clear Claimed Marks
[2021-09-28T17:28:02.002-0530][gc,marking   ] GC(1) Concurrent Clear Claimed Marks 0.034ms
[2021-09-28T17:28:02.002-0530][gc,marking   ] GC(1) Concurrent Scan Root Regions
[2021-09-28T17:28:02.006-0530][gc,marking   ] GC(1) Concurrent Scan Root Regions 3.933ms
[2021-09-28T17:28:02.006-0530][gc,marking   ] GC(1) Concurrent Mark (1.937s)
[2021-09-28T17:28:02.006-0530][gc,marking   ] GC(1) Concurrent Mark From Roots
[2021-09-28T17:28:02.006-0530][gc,task      ] GC(1) Using 1 workers of 1 for marking
[2021-09-28T17:28:02.006-0530][gc,marking   ] GC(1) Concurrent Mark From Roots 0.148ms
[2021-09-28T17:28:02.006-0530][gc,marking   ] GC(1) Concurrent Preclean
[2021-09-28T17:28:02.006-0530][gc,marking   ] GC(1) Concurrent Preclean 0.024ms
[2021-09-28T17:28:02.006-0530][gc,marking   ] GC(1) Concurrent Mark (1.937s, 1.938s) 0.225ms
[2021-09-28T17:28:02.007-0530][gc,start     ] GC(1) Pause Remark
[2021-09-28T17:28:02.009-0530][gc,stringtable] GC(1) Cleaned string and symbol table, strings: 7493 processed, 0 removed, symbols: 63509 processed, 28 removed
[2021-09-28T17:28:02.009-0530][gc            ] GC(1) Pause Remark 7M->7M(1024M) 2.274ms
[2021-09-28T17:28:02.009-0530][gc,cpu        ] GC(1) User=0.01s Sys=0.00s Real=0.00s
[2021-09-28T17:28:02.009-0530][gc,marking    ] GC(1) Concurrent Rebuild Remembered Sets
[2021-09-28T17:28:02.009-0530][gc,marking    ] GC(1) Concurrent Rebuild Remembered Sets 0.096ms
[2021-09-28T17:28:02.009-0530][gc,start      ] GC(1) Pause Cleanup
[2021-09-28T17:28:02.009-0530][gc            ] GC(1) Pause Cleanup 7M->7M(1024M) 0.112ms
[2021-09-28T17:28:02.009-0530][gc,cpu        ] GC(1) User=0.00s Sys=0.00s Real=0.00s
[2021-09-28T17:28:02.009-0530][gc,marking    ] GC(1) Concurrent Cleanup for Next Mark
[2021-09-28T17:28:02.019-0530][gc,marking    ] GC(1) Concurrent Cleanup for Next Mark 9.923ms
[2021-09-28T17:28:02.020-0530][gc            ] GC(1) Concurrent Cycle 18.388ms
[2021-09-28T17:28:04.247-0530][gc,start      ] GC(2) Pause Young (Normal) (G1 Evacuation Pause)
[2021-09-28T17:28:04.247-0530][gc,task       ] GC(2) Using 4 workers of 4 for evacuation
[2021-09-28T17:28:04.261-0530][gc,phases     ] GC(2)   Pre Evacuate Collection Set: 0.0ms
[2021-09-28T17:28:04.261-0530][gc,phases     ] GC(2)   Evacuate Collection Set: 13.4ms
[2021-09-28T17:28:04.261-0530][gc,phases     ] GC(2)   Post Evacuate Collection Set: 0.8ms
[2021-09-28T17:28:04.261-0530][gc,phases     ] GC(2)   Other: 0.2ms
[2021-09-28T17:28:04.261-0530][gc,heap       ] GC(2) Eden regions: 44->0(48)
[2021-09-28T17:28:04.261-0530][gc,heap       ] GC(2) Survivor regions: 7->3(7)
[2021-09-28T17:28:04.261-0530][gc,heap       ] GC(2) Old regions: 0->7
[2021-09-28T17:28:04.261-0530][gc,heap       ] GC(2) Humongous regions: 129->129
[2021-09-28T17:28:04.261-0530][gc,metaspace  ] GC(2) Metaspace: 30237K->30237K(1077248K)
[2021-09-28T17:28:04.261-0530][gc            ] GC(2) Pause Young (Normal) (G1 Evacuation Pause) 179M->137M(1024M) 14.698ms
[2021-09-28T17:28:04.261-0530][gc,cpu        ] GC(2) User=0.03s Sys=0.01s Real=0.02s
[2021-09-28T17:28:05.190-0530][gc,start      ] GC(3) Pause Young (Concurrent Start) (Metadata GC Threshold)
[2021-09-28T17:28:05.190-0530][gc,task       ] GC(3) Using 4 workers of 4 for evacuation
[2021-09-28T17:28:05.195-0530][gc,phases     ] GC(3)   Pre Evacuate Collection Set: 0.1ms
[2021-09-28T17:28:05.195-0530][gc,phases     ] GC(3)   Evacuate Collection Set: 3.9ms
[2021-09-28T17:28:05.195-0530][gc,phases     ] GC(3)   Post Evacuate Collection Set: 0.3ms
[2021-09-28T17:28:05.195-0530][gc,phases     ] GC(3)   Other: 0.3ms
[2021-09-28T17:28:05.195-0530][gc,heap       ] GC(3) Eden regions: 23->0(48)
[2021-09-28T17:28:05.195-0530][gc,heap       ] GC(3) Survivor regions: 3->3(7)
[2021-09-28T17:28:05.195-0530][gc,heap       ] GC(3) Old regions: 7->7
[2021-09-28T17:28:05.195-0530][gc,heap       ] GC(3) Humongous regions: 129->129
[2021-09-28T17:28:05.195-0530][gc,metaspace  ] GC(3) Metaspace: 34937K->34937K(1081344K)
[2021-09-28T17:28:05.195-0530][gc            ] GC(3) Pause Young (Concurrent Start) (Metadata GC Threshold) 160M->138M(1024M) 4.650ms
[2021-09-28T17:28:05.195-0530][gc,cpu        ] GC(3) User=0.01s Sys=0.00s Real=0.00s
[2021-09-28T17:28:05.195-0530][gc            ] GC(4) Concurrent Cycle
[2021-09-28T17:28:05.195-0530][gc,marking    ] GC(4) Concurrent Clear Claimed Marks
[2021-09-28T17:28:05.195-0530][gc,marking    ] GC(4) Concurrent Clear Claimed Marks 0.076ms
[2021-09-28T17:28:05.195-0530][gc,marking    ] GC(4) Concurrent Scan Root Regions
[2021-09-28T17:28:05.198-0530][gc,marking    ] GC(4) Concurrent Scan Root Regions 3.353ms
[2021-09-28T17:28:05.199-0530][gc,marking    ] GC(4) Concurrent Mark (5.130s)
[2021-09-28T17:28:05.199-0530][gc,marking    ] GC(4) Concurrent Mark From Roots
[2021-09-28T17:28:05.199-0530][gc,task       ] GC(4) Using 1 workers of 1 for marking
[2021-09-28T17:28:05.211-0530][gc,marking    ] GC(4) Concurrent Mark From Roots 12.696ms
[2021-09-28T17:28:05.211-0530][gc,marking    ] GC(4) Concurrent Preclean
[2021-09-28T17:28:05.211-0530][gc,marking    ] GC(4) Concurrent Preclean 0.109ms
[2021-09-28T17:28:05.211-0530][gc,marking    ] GC(4) Concurrent Mark (5.130s, 5.143s) 12.911ms
[2021-09-28T17:28:05.212-0530][gc,start      ] GC(4) Pause Remark
[2021-09-28T17:28:05.214-0530][gc,stringtable] GC(4) Cleaned string and symbol table, strings: 11267 processed, 7 removed, symbols: 96646 processed, 28 removed
[2021-09-28T17:28:05.215-0530][gc            ] GC(4) Pause Remark 139M->139M(1024M) 2.893ms
[2021-09-28T17:28:05.215-0530][gc,cpu        ] GC(4) User=0.01s Sys=0.00s Real=0.00s
[2021-09-28T17:28:05.215-0530][gc,marking    ] GC(4) Concurrent Rebuild Remembered Sets
[2021-09-28T17:28:05.222-0530][gc,marking    ] GC(4) Concurrent Rebuild Remembered Sets 7.567ms
[2021-09-28T17:28:05.222-0530][gc,start      ] GC(4) Pause Cleanup
[2021-09-28T17:28:05.223-0530][gc            ] GC(4) Pause Cleanup 140M->140M(1024M) 0.141ms
[2021-09-28T17:28:05.223-0530][gc,cpu        ] GC(4) User=0.00s Sys=0.00s Real=0.00s
[2021-09-28T17:28:05.223-0530][gc,marking    ] GC(4) Concurrent Cleanup for Next Mark
[2021-09-28T17:28:05.233-0530][gc,marking    ] GC(4) Concurrent Cleanup for Next Mark 10.356ms
[2021-09-28T17:28:05.233-0530][gc            ] GC(4) Concurrent Cycle 38.017ms
[2021-09-28T17:28:19.101-0530][gc,start      ] GC(5) Pause Young (Normal) (G1 Evacuation Pause)
[2021-09-28T17:28:19.102-0530][gc,task       ] GC(5) Using 4 workers of 4 for evacuation
[2021-09-28T17:28:19.118-0530][gc,phases     ] GC(5)   Pre Evacuate Collection Set: 0.0ms
[2021-09-28T17:28:19.118-0530][gc,phases     ] GC(5)   Evacuate Collection Set: 15.8ms
[2021-09-28T17:28:19.118-0530][gc,phases     ] GC(5)   Post Evacuate Collection Set: 0.4ms
[2021-09-28T17:28:19.118-0530][gc,phases     ] GC(5)   Other: 1.4ms
[2021-09-28T17:28:19.118-0530][gc,heap       ] GC(5) Eden regions: 48->0(44)
[2021-09-28T17:28:19.118-0530][gc,heap       ] GC(5) Survivor regions: 3->7(7)
[2021-09-28T17:28:19.118-0530][gc,heap       ] GC(5) Old regions: 7->7
[2021-09-28T17:28:19.118-0530][gc,heap       ] GC(5) Humongous regions: 129->129
[2021-09-28T17:28:19.118-0530][gc,metaspace  ] GC(5) Metaspace: 43427K->43427K(1089536K)
[2021-09-28T17:28:19.118-0530][gc            ] GC(5) Pause Young (Normal) (G1 Evacuation Pause) 186M->141M(1024M) 17.889ms
[2021-09-28T17:28:19.118-0530][gc,cpu        ] GC(5) User=0.05s Sys=0.01s Real=0.01s
[2021-09-28T18:23:15.355-0530][gc,start      ] GC(6) Pause Young (Normal) (G1 Evacuation Pause)
[2021-09-28T18:23:15.357-0530][gc,task       ] GC(6) Using 4 workers of 4 for evacuation
[2021-09-28T18:23:15.376-0530][gc,phases     ] GC(6)   Pre Evacuate Collection Set: 0.0ms
[2021-09-28T18:23:15.376-0530][gc,phases     ] GC(6)   Evacuate Collection Set: 18.5ms
[2021-09-28T18:23:15.376-0530][gc,phases     ] GC(6)   Post Evacuate Collection Set: 0.9ms
[2021-09-28T18:23:15.376-0530][gc,phases     ] GC(6)   Other: 1.5ms
[2021-09-28T18:23:15.376-0530][gc,heap       ] GC(6) Eden regions: 44->0(49)
[2021-09-28T18:23:15.376-0530][gc,heap       ] GC(6) Survivor regions: 7->2(7)
[2021-09-28T18:23:15.376-0530][gc,heap       ] GC(6) Old regions: 7->13
[2021-09-28T18:23:15.376-0530][gc,heap       ] GC(6) Humongous regions: 129->129
[2021-09-28T18:23:15.376-0530][gc,metaspace  ] GC(6) Metaspace: 48719K->48719K(1093632K)
[2021-09-28T18:23:15.376-0530][gc            ] GC(6) Pause Young (Normal) (G1 Evacuation Pause) 185M->143M(1024M) 21.059ms
[2021-09-28T18:23:15.377-0530][gc,cpu        ] GC(6) User=0.04s Sys=0.01s Real=0.02s
[2021-09-28T19:13:54.098-0530][gc,heap,exit  ] Heap
[2021-09-28T19:13:54.099-0530][gc,heap,exit  ]  garbage-first heap   total 1048576K, used 164447K [0x00000007c0000000, 0x0000000800000000)
[2021-09-28T19:13:54.099-0530][gc,heap,exit  ]   region size 1024K, 21 young (21504K), 2 survivors (2048K)
[2021-09-28T19:13:54.099-0530][gc,heap,exit  ]  Metaspace       used 49659K, capacity 52175K, committed 52480K, reserved 1093632K
[2021-09-28T19:13:54.099-0530][gc,heap,exit  ]   class space    used 6307K, capacity 7579K, committed 7680K, reserved 1048576K
