[2021-09-28T20:57:26.145-0530][gc,heap] Heap region size: 1M
[2021-09-28T20:57:26.156-0530][gc     ] Using G1
[2021-09-28T20:57:26.157-0530][gc,heap,coops] Heap address: 0x00000007c0000000, size: 1024 MB, Compressed Oops mode: Zero based, Oop shift amount: 3
[2021-09-28T20:57:27.890-0530][gc,start     ] GC(0) Pause Young (Concurrent Start) (Metadata GC Threshold)
[2021-09-28T20:57:27.890-0530][gc,task      ] GC(0) Using 4 workers of 4 for evacuation
[2021-09-28T20:57:27.899-0530][gc,phases    ] GC(0)   Pre Evacuate Collection Set: 0.0ms
[2021-09-28T20:57:27.899-0530][gc,phases    ] GC(0)   Evacuate Collection Set: 7.8ms
[2021-09-28T20:57:27.899-0530][gc,phases    ] GC(0)   Post Evacuate Collection Set: 0.4ms
[2021-09-28T20:57:27.899-0530][gc,phases    ] GC(0)   Other: 0.5ms
[2021-09-28T20:57:27.899-0530][gc,heap      ] GC(0) Eden regions: 43->0(44)
[2021-09-28T20:57:27.899-0530][gc,heap      ] GC(0) Survivor regions: 0->7(7)
[2021-09-28T20:57:27.899-0530][gc,heap      ] GC(0) Old regions: 0->0
[2021-09-28T20:57:27.899-0530][gc,heap      ] GC(0) Humongous regions: 0->0
[2021-09-28T20:57:27.899-0530][gc,metaspace ] GC(0) Metaspace: 20681K->20681K(1069056K)
[2021-09-28T20:57:27.899-0530][gc           ] GC(0) Pause Young (Concurrent Start) (Metadata GC Threshold) 43M->6M(1024M) 8.798ms
[2021-09-28T20:57:27.899-0530][gc,cpu       ] GC(0) User=0.02s Sys=0.00s Real=0.00s
[2021-09-28T20:57:27.899-0530][gc           ] GC(1) Concurrent Cycle
[2021-09-28T20:57:27.899-0530][gc,marking   ] GC(1) Concurrent Clear Claimed Marks
[2021-09-28T20:57:27.899-0530][gc,marking   ] GC(1) Concurrent Clear Claimed Marks 0.085ms
[2021-09-28T20:57:27.899-0530][gc,marking   ] GC(1) Concurrent Scan Root Regions
[2021-09-28T20:57:27.903-0530][gc,marking   ] GC(1) Concurrent Scan Root Regions 4.198ms
[2021-09-28T20:57:27.903-0530][gc,marking   ] GC(1) Concurrent Mark (1.771s)
[2021-09-28T20:57:27.903-0530][gc,marking   ] GC(1) Concurrent Mark From Roots
[2021-09-28T20:57:27.903-0530][gc,task      ] GC(1) Using 1 workers of 1 for marking
[2021-09-28T20:57:27.903-0530][gc,marking   ] GC(1) Concurrent Mark From Roots 0.145ms
[2021-09-28T20:57:27.903-0530][gc,marking   ] GC(1) Concurrent Preclean
[2021-09-28T20:57:27.903-0530][gc,marking   ] GC(1) Concurrent Preclean 0.024ms
[2021-09-28T20:57:27.903-0530][gc,marking   ] GC(1) Concurrent Mark (1.771s, 1.771s) 0.224ms
[2021-09-28T20:57:27.904-0530][gc,start     ] GC(1) Pause Remark
[2021-09-28T20:57:27.905-0530][gc,stringtable] GC(1) Cleaned string and symbol table, strings: 7486 processed, 0 removed, symbols: 63500 processed, 29 removed
[2021-09-28T20:57:27.906-0530][gc            ] GC(1) Pause Remark 7M->7M(1024M) 2.079ms
[2021-09-28T20:57:27.906-0530][gc,cpu        ] GC(1) User=0.00s Sys=0.00s Real=0.00s
[2021-09-28T20:57:27.906-0530][gc,marking    ] GC(1) Concurrent Rebuild Remembered Sets
[2021-09-28T20:57:27.906-0530][gc,marking    ] GC(1) Concurrent Rebuild Remembered Sets 0.111ms
[2021-09-28T20:57:27.906-0530][gc,start      ] GC(1) Pause Cleanup
[2021-09-28T20:57:27.906-0530][gc            ] GC(1) Pause Cleanup 7M->7M(1024M) 0.175ms
[2021-09-28T20:57:27.906-0530][gc,cpu        ] GC(1) User=0.00s Sys=0.00s Real=0.00s
[2021-09-28T20:57:27.906-0530][gc,marking    ] GC(1) Concurrent Cleanup for Next Mark
[2021-09-28T20:57:27.914-0530][gc,marking    ] GC(1) Concurrent Cleanup for Next Mark 7.420ms
[2021-09-28T20:57:27.914-0530][gc            ] GC(1) Concurrent Cycle 14.960ms
[2021-09-28T20:57:29.882-0530][gc,start      ] GC(2) Pause Young (Normal) (G1 Evacuation Pause)
[2021-09-28T20:57:29.882-0530][gc,task       ] GC(2) Using 4 workers of 4 for evacuation
[2021-09-28T20:57:29.894-0530][gc,phases     ] GC(2)   Pre Evacuate Collection Set: 0.0ms
[2021-09-28T20:57:29.895-0530][gc,phases     ] GC(2)   Evacuate Collection Set: 11.9ms
[2021-09-28T20:57:29.895-0530][gc,phases     ] GC(2)   Post Evacuate Collection Set: 0.4ms
[2021-09-28T20:57:29.895-0530][gc,phases     ] GC(2)   Other: 0.3ms
[2021-09-28T20:57:29.895-0530][gc,heap       ] GC(2) Eden regions: 44->0(48)
[2021-09-28T20:57:29.895-0530][gc,heap       ] GC(2) Survivor regions: 7->3(7)
[2021-09-28T20:57:29.895-0530][gc,heap       ] GC(2) Old regions: 0->7
[2021-09-28T20:57:29.895-0530][gc,heap       ] GC(2) Humongous regions: 129->129
[2021-09-28T20:57:29.895-0530][gc,metaspace  ] GC(2) Metaspace: 30204K->30204K(1077248K)
[2021-09-28T20:57:29.895-0530][gc            ] GC(2) Pause Young (Normal) (G1 Evacuation Pause) 179M->137M(1024M) 12.814ms
[2021-09-28T20:57:29.895-0530][gc,cpu        ] GC(2) User=0.04s Sys=0.01s Real=0.01s
[2021-09-28T20:57:30.613-0530][gc,start      ] GC(3) Pause Young (Concurrent Start) (Metadata GC Threshold)
[2021-09-28T20:57:30.613-0530][gc,task       ] GC(3) Using 4 workers of 4 for evacuation
[2021-09-28T20:57:30.617-0530][gc,phases     ] GC(3)   Pre Evacuate Collection Set: 0.1ms
[2021-09-28T20:57:30.617-0530][gc,phases     ] GC(3)   Evacuate Collection Set: 3.5ms
[2021-09-28T20:57:30.617-0530][gc,phases     ] GC(3)   Post Evacuate Collection Set: 0.3ms
[2021-09-28T20:57:30.617-0530][gc,phases     ] GC(3)   Other: 0.2ms
[2021-09-28T20:57:30.617-0530][gc,heap       ] GC(3) Eden regions: 22->0(48)
[2021-09-28T20:57:30.617-0530][gc,heap       ] GC(3) Survivor regions: 3->3(7)
[2021-09-28T20:57:30.617-0530][gc,heap       ] GC(3) Old regions: 7->7
[2021-09-28T20:57:30.617-0530][gc,heap       ] GC(3) Humongous regions: 129->129
[2021-09-28T20:57:30.617-0530][gc,metaspace  ] GC(3) Metaspace: 34651K->34651K(1081344K)
[2021-09-28T20:57:30.617-0530][gc            ] GC(3) Pause Young (Concurrent Start) (Metadata GC Threshold) 159M->138M(1024M) 4.157ms
[2021-09-28T20:57:30.617-0530][gc,cpu        ] GC(3) User=0.02s Sys=0.00s Real=0.00s
[2021-09-28T20:57:30.617-0530][gc            ] GC(4) Concurrent Cycle
[2021-09-28T20:57:30.617-0530][gc,marking    ] GC(4) Concurrent Clear Claimed Marks
[2021-09-28T20:57:30.617-0530][gc,marking    ] GC(4) Concurrent Clear Claimed Marks 0.061ms
[2021-09-28T20:57:30.617-0530][gc,marking    ] GC(4) Concurrent Scan Root Regions
[2021-09-28T20:57:30.621-0530][gc,marking    ] GC(4) Concurrent Scan Root Regions 3.228ms
[2021-09-28T20:57:30.621-0530][gc,marking    ] GC(4) Concurrent Mark (4.488s)
[2021-09-28T20:57:30.621-0530][gc,marking    ] GC(4) Concurrent Mark From Roots
[2021-09-28T20:57:30.621-0530][gc,task       ] GC(4) Using 1 workers of 1 for marking
[2021-09-28T20:57:30.630-0530][gc,marking    ] GC(4) Concurrent Mark From Roots 9.019ms
[2021-09-28T20:57:30.630-0530][gc,marking    ] GC(4) Concurrent Preclean
[2021-09-28T20:57:30.630-0530][gc,marking    ] GC(4) Concurrent Preclean 0.064ms
[2021-09-28T20:57:30.630-0530][gc,marking    ] GC(4) Concurrent Mark (4.488s, 4.498s) 9.164ms
[2021-09-28T20:57:30.630-0530][gc,start      ] GC(4) Pause Remark
[2021-09-28T20:57:30.633-0530][gc,stringtable] GC(4) Cleaned string and symbol table, strings: 11070 processed, 7 removed, symbols: 96105 processed, 28 removed
[2021-09-28T20:57:30.633-0530][gc            ] GC(4) Pause Remark 138M->138M(1024M) 3.078ms
[2021-09-28T20:57:30.633-0530][gc,cpu        ] GC(4) User=0.01s Sys=0.00s Real=0.00s
[2021-09-28T20:57:30.633-0530][gc,marking    ] GC(4) Concurrent Rebuild Remembered Sets
[2021-09-28T20:57:30.642-0530][gc,marking    ] GC(4) Concurrent Rebuild Remembered Sets 8.485ms
[2021-09-28T20:57:30.642-0530][gc,start      ] GC(4) Pause Cleanup
[2021-09-28T20:57:30.642-0530][gc            ] GC(4) Pause Cleanup 139M->139M(1024M) 0.175ms
[2021-09-28T20:57:30.642-0530][gc,cpu        ] GC(4) User=0.00s Sys=0.00s Real=0.00s
[2021-09-28T20:57:30.642-0530][gc,marking    ] GC(4) Concurrent Cleanup for Next Mark
[2021-09-28T20:57:30.652-0530][gc,marking    ] GC(4) Concurrent Cleanup for Next Mark 9.921ms
[2021-09-28T20:57:30.652-0530][gc            ] GC(4) Concurrent Cycle 34.855ms
[2021-09-28T20:57:31.727-0530][gc,start      ] GC(5) Pause Young (Normal) (G1 Evacuation Pause)
[2021-09-28T20:57:31.727-0530][gc,task       ] GC(5) Using 4 workers of 4 for evacuation
[2021-09-28T20:57:31.737-0530][gc,phases     ] GC(5)   Pre Evacuate Collection Set: 0.0ms
[2021-09-28T20:57:31.737-0530][gc,phases     ] GC(5)   Evacuate Collection Set: 9.6ms
[2021-09-28T20:57:31.737-0530][gc,phases     ] GC(5)   Post Evacuate Collection Set: 0.5ms
[2021-09-28T20:57:31.737-0530][gc,phases     ] GC(5)   Other: 0.2ms
[2021-09-28T20:57:31.737-0530][gc,heap       ] GC(5) Eden regions: 48->0(44)
[2021-09-28T20:57:31.737-0530][gc,heap       ] GC(5) Survivor regions: 3->7(7)
[2021-09-28T20:57:31.737-0530][gc,heap       ] GC(5) Old regions: 7->7
[2021-09-28T20:57:31.737-0530][gc,heap       ] GC(5) Humongous regions: 129->129
[2021-09-28T20:57:31.737-0530][gc,metaspace  ] GC(5) Metaspace: 43111K->43111K(1089536K)
[2021-09-28T20:57:31.737-0530][gc            ] GC(5) Pause Young (Normal) (G1 Evacuation Pause) 186M->141M(1024M) 10.458ms
[2021-09-28T20:57:31.737-0530][gc,cpu        ] GC(5) User=0.04s Sys=0.00s Real=0.01s
[2021-09-28T22:47:33.262-0530][gc,start      ] GC(6) Pause Young (Normal) (G1 Evacuation Pause)
[2021-09-28T22:47:33.263-0530][gc,task       ] GC(6) Using 4 workers of 4 for evacuation
[2021-09-28T22:47:33.314-0530][gc,mmu        ] GC(6) MMU target violated: 21.0ms (20.0ms/21.0ms)
[2021-09-28T22:47:33.314-0530][gc,phases     ] GC(6)   Pre Evacuate Collection Set: 2.5ms
[2021-09-28T22:47:33.314-0530][gc,phases     ] GC(6)   Evacuate Collection Set: 46.6ms
[2021-09-28T22:47:33.314-0530][gc,phases     ] GC(6)   Post Evacuate Collection Set: 0.7ms
[2021-09-28T22:47:33.314-0530][gc,phases     ] GC(6)   Other: 2.4ms
[2021-09-28T22:47:33.314-0530][gc,heap       ] GC(6) Eden regions: 44->0(49)
[2021-09-28T22:47:33.314-0530][gc,heap       ] GC(6) Survivor regions: 7->2(7)
[2021-09-28T22:47:33.314-0530][gc,heap       ] GC(6) Old regions: 7->13
[2021-09-28T22:47:33.314-0530][gc,heap       ] GC(6) Humongous regions: 129->129
[2021-09-28T22:47:33.314-0530][gc,metaspace  ] GC(6) Metaspace: 48400K->48400K(1093632K)
[2021-09-28T22:47:33.314-0530][gc            ] GC(6) Pause Young (Normal) (G1 Evacuation Pause) 185M->143M(1024M) 52.097ms
[2021-09-28T22:47:33.314-0530][gc,cpu        ] GC(6) User=0.05s Sys=0.09s Real=0.05s
[2021-09-28T23:54:26.715-0530][gc,start      ] GC(7) Pause Young (Normal) (G1 Evacuation Pause)
[2021-09-28T23:54:26.716-0530][gc,task       ] GC(7) Using 4 workers of 4 for evacuation
[2021-09-28T23:54:26.741-0530][gc,mmu        ] GC(7) MMU target violated: 21.0ms (20.0ms/21.0ms)
[2021-09-28T23:54:26.741-0530][gc,phases     ] GC(7)   Pre Evacuate Collection Set: 3.1ms
[2021-09-28T23:54:26.742-0530][gc,phases     ] GC(7)   Evacuate Collection Set: 17.8ms
[2021-09-28T23:54:26.742-0530][gc,phases     ] GC(7)   Post Evacuate Collection Set: 1.5ms
[2021-09-28T23:54:26.742-0530][gc,phases     ] GC(7)   Other: 5.6ms
[2021-09-28T23:54:26.742-0530][gc,heap       ] GC(7) Eden regions: 49->0(49)
[2021-09-28T23:54:26.742-0530][gc,heap       ] GC(7) Survivor regions: 2->2(7)
[2021-09-28T23:54:26.742-0530][gc,heap       ] GC(7) Old regions: 13->13
[2021-09-28T23:54:26.742-0530][gc,heap       ] GC(7) Humongous regions: 129->129
[2021-09-28T23:54:26.742-0530][gc,metaspace  ] GC(7) Metaspace: 48686K->48686K(1093632K)
[2021-09-28T23:54:26.742-0530][gc            ] GC(7) Pause Young (Normal) (G1 Evacuation Pause) 192M->143M(1024M) 28.017ms
[2021-09-28T23:54:26.742-0530][gc,cpu        ] GC(7) User=0.02s Sys=0.04s Real=0.03s
