[2021-09-29T08:40:19.023-0530][gc,heap] Heap region size: 1M
[2021-09-29T08:40:19.033-0530][gc     ] Using G1
[2021-09-29T08:40:19.033-0530][gc,heap,coops] Heap address: 0x00000007c0000000, size: 1024 MB, Compressed Oops mode: Zero based, Oop shift amount: 3
[2021-09-29T08:40:20.763-0530][gc,start     ] GC(0) Pause Young (Concurrent Start) (Metadata GC Threshold)
[2021-09-29T08:40:20.763-0530][gc,task      ] GC(0) Using 4 workers of 4 for evacuation
[2021-09-29T08:40:20.773-0530][gc,phases    ] GC(0)   Pre Evacuate Collection Set: 0.1ms
[2021-09-29T08:40:20.773-0530][gc,phases    ] GC(0)   Evacuate Collection Set: 9.0ms
[2021-09-29T08:40:20.773-0530][gc,phases    ] GC(0)   Post Evacuate Collection Set: 0.5ms
[2021-09-29T08:40:20.773-0530][gc,phases    ] GC(0)   Other: 0.7ms
[2021-09-29T08:40:20.773-0530][gc,heap      ] GC(0) Eden regions: 43->0(44)
[2021-09-29T08:40:20.773-0530][gc,heap      ] GC(0) Survivor regions: 0->7(7)
[2021-09-29T08:40:20.773-0530][gc,heap      ] GC(0) Old regions: 0->0
[2021-09-29T08:40:20.773-0530][gc,heap      ] GC(0) Humongous regions: 0->0
[2021-09-29T08:40:20.773-0530][gc,metaspace ] GC(0) Metaspace: 20678K->20678K(1069056K)
[2021-09-29T08:40:20.773-0530][gc           ] GC(0) Pause Young (Concurrent Start) (Metadata GC Threshold) 43M->6M(1024M) 10.451ms
[2021-09-29T08:40:20.773-0530][gc,cpu       ] GC(0) User=0.02s Sys=0.01s Real=0.01s
[2021-09-29T08:40:20.773-0530][gc           ] GC(1) Concurrent Cycle
[2021-09-29T08:40:20.773-0530][gc,marking   ] GC(1) Concurrent Clear Claimed Marks
[2021-09-29T08:40:20.773-0530][gc,marking   ] GC(1) Concurrent Clear Claimed Marks 0.047ms
[2021-09-29T08:40:20.773-0530][gc,marking   ] GC(1) Concurrent Scan Root Regions
[2021-09-29T08:40:20.777-0530][gc,marking   ] GC(1) Concurrent Scan Root Regions 4.033ms
[2021-09-29T08:40:20.778-0530][gc,marking   ] GC(1) Concurrent Mark (1.765s)
[2021-09-29T08:40:20.778-0530][gc,marking   ] GC(1) Concurrent Mark From Roots
[2021-09-29T08:40:20.778-0530][gc,task      ] GC(1) Using 1 workers of 1 for marking
[2021-09-29T08:40:20.778-0530][gc,marking   ] GC(1) Concurrent Mark From Roots 0.153ms
[2021-09-29T08:40:20.778-0530][gc,marking   ] GC(1) Concurrent Preclean
[2021-09-29T08:40:20.778-0530][gc,marking   ] GC(1) Concurrent Preclean 0.027ms
[2021-09-29T08:40:20.778-0530][gc,marking   ] GC(1) Concurrent Mark (1.765s, 1.765s) 0.246ms
[2021-09-29T08:40:20.778-0530][gc,start     ] GC(1) Pause Remark
[2021-09-29T08:40:20.780-0530][gc,stringtable] GC(1) Cleaned string and symbol table, strings: 7475 processed, 0 removed, symbols: 63500 processed, 29 removed
[2021-09-29T08:40:20.780-0530][gc            ] GC(1) Pause Remark 7M->7M(1024M) 2.475ms
[2021-09-29T08:40:20.780-0530][gc,cpu        ] GC(1) User=0.01s Sys=0.00s Real=0.01s
[2021-09-29T08:40:20.781-0530][gc,marking    ] GC(1) Concurrent Rebuild Remembered Sets
[2021-09-29T08:40:20.781-0530][gc,marking    ] GC(1) Concurrent Rebuild Remembered Sets 0.148ms
[2021-09-29T08:40:20.781-0530][gc,start      ] GC(1) Pause Cleanup
[2021-09-29T08:40:20.781-0530][gc            ] GC(1) Pause Cleanup 7M->7M(1024M) 0.154ms
[2021-09-29T08:40:20.781-0530][gc,cpu        ] GC(1) User=0.00s Sys=0.00s Real=0.00s
[2021-09-29T08:40:20.781-0530][gc,marking    ] GC(1) Concurrent Cleanup for Next Mark
[2021-09-29T08:40:20.790-0530][gc,marking    ] GC(1) Concurrent Cleanup for Next Mark 8.837ms
[2021-09-29T08:40:20.790-0530][gc            ] GC(1) Concurrent Cycle 16.598ms
[2021-09-29T08:40:22.944-0530][gc,start      ] GC(2) Pause Young (Normal) (G1 Evacuation Pause)
[2021-09-29T08:40:22.944-0530][gc,task       ] GC(2) Using 4 workers of 4 for evacuation
[2021-09-29T08:40:22.955-0530][gc,phases     ] GC(2)   Pre Evacuate Collection Set: 0.0ms
[2021-09-29T08:40:22.955-0530][gc,phases     ] GC(2)   Evacuate Collection Set: 10.1ms
[2021-09-29T08:40:22.955-0530][gc,phases     ] GC(2)   Post Evacuate Collection Set: 0.5ms
[2021-09-29T08:40:22.955-0530][gc,phases     ] GC(2)   Other: 0.2ms
[2021-09-29T08:40:22.955-0530][gc,heap       ] GC(2) Eden regions: 44->0(48)
[2021-09-29T08:40:22.955-0530][gc,heap       ] GC(2) Survivor regions: 7->3(7)
[2021-09-29T08:40:22.955-0530][gc,heap       ] GC(2) Old regions: 0->7
[2021-09-29T08:40:22.955-0530][gc,heap       ] GC(2) Humongous regions: 129->129
[2021-09-29T08:40:22.955-0530][gc,metaspace  ] GC(2) Metaspace: 30198K->30198K(1077248K)
[2021-09-29T08:40:22.955-0530][gc            ] GC(2) Pause Young (Normal) (G1 Evacuation Pause) 179M->137M(1024M) 10.985ms
[2021-09-29T08:40:22.955-0530][gc,cpu        ] GC(2) User=0.04s Sys=0.00s Real=0.01s
[2021-09-29T08:40:23.648-0530][gc,start      ] GC(3) Pause Young (Concurrent Start) (Metadata GC Threshold)
[2021-09-29T08:40:23.648-0530][gc,task       ] GC(3) Using 4 workers of 4 for evacuation
[2021-09-29T08:40:23.652-0530][gc,phases     ] GC(3)   Pre Evacuate Collection Set: 0.1ms
[2021-09-29T08:40:23.652-0530][gc,phases     ] GC(3)   Evacuate Collection Set: 3.5ms
[2021-09-29T08:40:23.652-0530][gc,phases     ] GC(3)   Post Evacuate Collection Set: 0.2ms
[2021-09-29T08:40:23.652-0530][gc,phases     ] GC(3)   Other: 0.2ms
[2021-09-29T08:40:23.652-0530][gc,heap       ] GC(3) Eden regions: 22->0(48)
[2021-09-29T08:40:23.652-0530][gc,heap       ] GC(3) Survivor regions: 3->3(7)
[2021-09-29T08:40:23.652-0530][gc,heap       ] GC(3) Old regions: 7->7
[2021-09-29T08:40:23.652-0530][gc,heap       ] GC(3) Humongous regions: 129->129
[2021-09-29T08:40:23.652-0530][gc,metaspace  ] GC(3) Metaspace: 34650K->34650K(1081344K)
[2021-09-29T08:40:23.652-0530][gc            ] GC(3) Pause Young (Concurrent Start) (Metadata GC Threshold) 159M->138M(1024M) 4.176ms
[2021-09-29T08:40:23.652-0530][gc,cpu        ] GC(3) User=0.01s Sys=0.00s Real=0.01s
[2021-09-29T08:40:23.652-0530][gc            ] GC(4) Concurrent Cycle
[2021-09-29T08:40:23.652-0530][gc,marking    ] GC(4) Concurrent Clear Claimed Marks
[2021-09-29T08:40:23.652-0530][gc,marking    ] GC(4) Concurrent Clear Claimed Marks 0.089ms
[2021-09-29T08:40:23.652-0530][gc,marking    ] GC(4) Concurrent Scan Root Regions
[2021-09-29T08:40:23.657-0530][gc,marking    ] GC(4) Concurrent Scan Root Regions 4.217ms
[2021-09-29T08:40:23.657-0530][gc,marking    ] GC(4) Concurrent Mark (4.644s)
[2021-09-29T08:40:23.657-0530][gc,marking    ] GC(4) Concurrent Mark From Roots
[2021-09-29T08:40:23.657-0530][gc,task       ] GC(4) Using 1 workers of 1 for marking
[2021-09-29T08:40:23.668-0530][gc,marking    ] GC(4) Concurrent Mark From Roots 11.513ms
[2021-09-29T08:40:23.668-0530][gc,marking    ] GC(4) Concurrent Preclean
[2021-09-29T08:40:23.668-0530][gc,marking    ] GC(4) Concurrent Preclean 0.059ms
[2021-09-29T08:40:23.668-0530][gc,marking    ] GC(4) Concurrent Mark (4.644s, 4.656s) 11.650ms
[2021-09-29T08:40:23.669-0530][gc,start      ] GC(4) Pause Remark
[2021-09-29T08:40:23.672-0530][gc,stringtable] GC(4) Cleaned string and symbol table, strings: 11037 processed, 7 removed, symbols: 96106 processed, 28 removed
[2021-09-29T08:40:23.672-0530][gc            ] GC(4) Pause Remark 139M->139M(1024M) 3.602ms
[2021-09-29T08:40:23.672-0530][gc,cpu        ] GC(4) User=0.01s Sys=0.00s Real=0.01s
[2021-09-29T08:40:23.672-0530][gc,marking    ] GC(4) Concurrent Rebuild Remembered Sets
[2021-09-29T08:40:23.680-0530][gc,marking    ] GC(4) Concurrent Rebuild Remembered Sets 7.716ms
[2021-09-29T08:40:23.681-0530][gc,start      ] GC(4) Pause Cleanup
[2021-09-29T08:40:23.681-0530][gc            ] GC(4) Pause Cleanup 139M->139M(1024M) 0.236ms
[2021-09-29T08:40:23.681-0530][gc,cpu        ] GC(4) User=0.00s Sys=0.00s Real=0.00s
[2021-09-29T08:40:23.682-0530][gc,marking    ] GC(4) Concurrent Cleanup for Next Mark
[2021-09-29T08:40:23.692-0530][gc,marking    ] GC(4) Concurrent Cleanup for Next Mark 10.169ms
[2021-09-29T08:40:23.692-0530][gc            ] GC(4) Concurrent Cycle 39.563ms
[2021-09-29T08:40:25.502-0530][gc,start      ] GC(5) Pause Young (Normal) (G1 Evacuation Pause)
[2021-09-29T08:40:25.502-0530][gc,task       ] GC(5) Using 4 workers of 4 for evacuation
[2021-09-29T08:40:25.513-0530][gc,phases     ] GC(5)   Pre Evacuate Collection Set: 0.0ms
[2021-09-29T08:40:25.513-0530][gc,phases     ] GC(5)   Evacuate Collection Set: 9.6ms
[2021-09-29T08:40:25.513-0530][gc,phases     ] GC(5)   Post Evacuate Collection Set: 0.4ms
[2021-09-29T08:40:25.513-0530][gc,phases     ] GC(5)   Other: 0.2ms
[2021-09-29T08:40:25.513-0530][gc,heap       ] GC(5) Eden regions: 48->0(44)
[2021-09-29T08:40:25.513-0530][gc,heap       ] GC(5) Survivor regions: 3->7(7)
[2021-09-29T08:40:25.513-0530][gc,heap       ] GC(5) Old regions: 7->7
[2021-09-29T08:40:25.513-0530][gc,heap       ] GC(5) Humongous regions: 129->129
[2021-09-29T08:40:25.513-0530][gc,metaspace  ] GC(5) Metaspace: 43096K->43096K(1089536K)
[2021-09-29T08:40:25.513-0530][gc            ] GC(5) Pause Young (Normal) (G1 Evacuation Pause) 186M->141M(1024M) 10.403ms
[2021-09-29T08:40:25.513-0530][gc,cpu        ] GC(5) User=0.03s Sys=0.00s Real=0.01s
