[2021-09-29T09:09:41.974-0530][gc,heap] Heap region size: 1M
[2021-09-29T09:09:41.983-0530][gc     ] Using G1
[2021-09-29T09:09:41.983-0530][gc,heap,coops] Heap address: 0x00000007c0000000, size: 1024 MB, Compressed Oops mode: Zero based, Oop shift amount: 3
[2021-09-29T09:09:43.731-0530][gc,start     ] GC(0) Pause Young (Concurrent Start) (Metadata GC Threshold)
[2021-09-29T09:09:43.732-0530][gc,task      ] GC(0) Using 4 workers of 4 for evacuation
[2021-09-29T09:09:43.744-0530][gc,phases    ] GC(0)   Pre Evacuate Collection Set: 0.1ms
[2021-09-29T09:09:43.744-0530][gc,phases    ] GC(0)   Evacuate Collection Set: 11.3ms
[2021-09-29T09:09:43.744-0530][gc,phases    ] GC(0)   Post Evacuate Collection Set: 0.4ms
[2021-09-29T09:09:43.744-0530][gc,phases    ] GC(0)   Other: 0.6ms
[2021-09-29T09:09:43.744-0530][gc,heap      ] GC(0) Eden regions: 43->0(44)
[2021-09-29T09:09:43.744-0530][gc,heap      ] GC(0) Survivor regions: 0->7(7)
[2021-09-29T09:09:43.744-0530][gc,heap      ] GC(0) Old regions: 0->0
[2021-09-29T09:09:43.744-0530][gc,heap      ] GC(0) Humongous regions: 0->0
[2021-09-29T09:09:43.744-0530][gc,metaspace ] GC(0) Metaspace: 20700K->20700K(1069056K)
[2021-09-29T09:09:43.744-0530][gc           ] GC(0) Pause Young (Concurrent Start) (Metadata GC Threshold) 43M->6M(1024M) 12.461ms
[2021-09-29T09:09:43.744-0530][gc,cpu       ] GC(0) User=0.02s Sys=0.01s Real=0.01s
[2021-09-29T09:09:43.744-0530][gc           ] GC(1) Concurrent Cycle
[2021-09-29T09:09:43.744-0530][gc,marking   ] GC(1) Concurrent Clear Claimed Marks
[2021-09-29T09:09:43.744-0530][gc,marking   ] GC(1) Concurrent Clear Claimed Marks 0.056ms
[2021-09-29T09:09:43.744-0530][gc,marking   ] GC(1) Concurrent Scan Root Regions
[2021-09-29T09:09:43.750-0530][gc,marking   ] GC(1) Concurrent Scan Root Regions 5.715ms
[2021-09-29T09:09:43.750-0530][gc,marking   ] GC(1) Concurrent Mark (1.784s)
[2021-09-29T09:09:43.750-0530][gc,marking   ] GC(1) Concurrent Mark From Roots
[2021-09-29T09:09:43.750-0530][gc,task      ] GC(1) Using 1 workers of 1 for marking
[2021-09-29T09:09:43.750-0530][gc,marking   ] GC(1) Concurrent Mark From Roots 0.203ms
[2021-09-29T09:09:43.750-0530][gc,marking   ] GC(1) Concurrent Preclean
[2021-09-29T09:09:43.750-0530][gc,marking   ] GC(1) Concurrent Preclean 0.041ms
[2021-09-29T09:09:43.750-0530][gc,marking   ] GC(1) Concurrent Mark (1.784s, 1.785s) 0.333ms
[2021-09-29T09:09:43.750-0530][gc,start     ] GC(1) Pause Remark
[2021-09-29T09:09:43.753-0530][gc,stringtable] GC(1) Cleaned string and symbol table, strings: 7483 processed, 0 removed, symbols: 63508 processed, 28 removed
[2021-09-29T09:09:43.754-0530][gc            ] GC(1) Pause Remark 7M->7M(1024M) 3.100ms
[2021-09-29T09:09:43.754-0530][gc,cpu        ] GC(1) User=0.01s Sys=0.00s Real=0.00s
[2021-09-29T09:09:43.754-0530][gc,marking    ] GC(1) Concurrent Rebuild Remembered Sets
[2021-09-29T09:09:43.754-0530][gc,marking    ] GC(1) Concurrent Rebuild Remembered Sets 0.109ms
[2021-09-29T09:09:43.754-0530][gc,start      ] GC(1) Pause Cleanup
[2021-09-29T09:09:43.754-0530][gc            ] GC(1) Pause Cleanup 7M->7M(1024M) 0.134ms
[2021-09-29T09:09:43.754-0530][gc,cpu        ] GC(1) User=0.00s Sys=0.00s Real=0.00s
[2021-09-29T09:09:43.754-0530][gc,marking    ] GC(1) Concurrent Cleanup for Next Mark
[2021-09-29T09:09:43.767-0530][gc,marking    ] GC(1) Concurrent Cleanup for Next Mark 13.041ms
[2021-09-29T09:09:43.767-0530][gc            ] GC(1) Concurrent Cycle 23.363ms
[2021-09-29T09:09:45.966-0530][gc,start      ] GC(2) Pause Young (Normal) (G1 Evacuation Pause)
[2021-09-29T09:09:45.966-0530][gc,task       ] GC(2) Using 4 workers of 4 for evacuation
[2021-09-29T09:09:45.978-0530][gc,phases     ] GC(2)   Pre Evacuate Collection Set: 0.0ms
[2021-09-29T09:09:45.978-0530][gc,phases     ] GC(2)   Evacuate Collection Set: 11.3ms
[2021-09-29T09:09:45.978-0530][gc,phases     ] GC(2)   Post Evacuate Collection Set: 0.6ms
[2021-09-29T09:09:45.978-0530][gc,phases     ] GC(2)   Other: 0.2ms
[2021-09-29T09:09:45.978-0530][gc,heap       ] GC(2) Eden regions: 44->0(48)
[2021-09-29T09:09:45.978-0530][gc,heap       ] GC(2) Survivor regions: 7->3(7)
[2021-09-29T09:09:45.978-0530][gc,heap       ] GC(2) Old regions: 0->7
[2021-09-29T09:09:45.978-0530][gc,heap       ] GC(2) Humongous regions: 129->129
[2021-09-29T09:09:45.978-0530][gc,metaspace  ] GC(2) Metaspace: 30206K->30206K(1077248K)
[2021-09-29T09:09:45.978-0530][gc            ] GC(2) Pause Young (Normal) (G1 Evacuation Pause) 179M->137M(1024M) 12.460ms
[2021-09-29T09:09:45.978-0530][gc,cpu        ] GC(2) User=0.03s Sys=0.00s Real=0.01s
[2021-09-29T09:09:46.681-0530][gc,start      ] GC(3) Pause Young (Concurrent Start) (Metadata GC Threshold)
[2021-09-29T09:09:46.681-0530][gc,task       ] GC(3) Using 4 workers of 4 for evacuation
[2021-09-29T09:09:46.686-0530][gc,phases     ] GC(3)   Pre Evacuate Collection Set: 0.1ms
[2021-09-29T09:09:46.686-0530][gc,phases     ] GC(3)   Evacuate Collection Set: 3.8ms
[2021-09-29T09:09:46.686-0530][gc,phases     ] GC(3)   Post Evacuate Collection Set: 0.2ms
[2021-09-29T09:09:46.686-0530][gc,phases     ] GC(3)   Other: 0.3ms
[2021-09-29T09:09:46.686-0530][gc,heap       ] GC(3) Eden regions: 23->0(48)
[2021-09-29T09:09:46.686-0530][gc,heap       ] GC(3) Survivor regions: 3->3(7)
[2021-09-29T09:09:46.686-0530][gc,heap       ] GC(3) Old regions: 7->7
[2021-09-29T09:09:46.686-0530][gc,heap       ] GC(3) Humongous regions: 129->129
[2021-09-29T09:09:46.686-0530][gc,metaspace  ] GC(3) Metaspace: 34911K->34911K(1081344K)
[2021-09-29T09:09:46.686-0530][gc            ] GC(3) Pause Young (Concurrent Start) (Metadata GC Threshold) 160M->138M(1024M) 4.469ms
[2021-09-29T09:09:46.686-0530][gc,cpu        ] GC(3) User=0.01s Sys=0.00s Real=0.00s
[2021-09-29T09:09:46.686-0530][gc            ] GC(4) Concurrent Cycle
[2021-09-29T09:09:46.686-0530][gc,marking    ] GC(4) Concurrent Clear Claimed Marks
[2021-09-29T09:09:46.686-0530][gc,marking    ] GC(4) Concurrent Clear Claimed Marks 0.071ms
[2021-09-29T09:09:46.686-0530][gc,marking    ] GC(4) Concurrent Scan Root Regions
[2021-09-29T09:09:46.690-0530][gc,marking    ] GC(4) Concurrent Scan Root Regions 3.488ms
[2021-09-29T09:09:46.690-0530][gc,marking    ] GC(4) Concurrent Mark (4.724s)
[2021-09-29T09:09:46.690-0530][gc,marking    ] GC(4) Concurrent Mark From Roots
[2021-09-29T09:09:46.690-0530][gc,task       ] GC(4) Using 1 workers of 1 for marking
[2021-09-29T09:09:46.707-0530][gc,marking    ] GC(4) Concurrent Mark From Roots 17.144ms
[2021-09-29T09:09:46.707-0530][gc,marking    ] GC(4) Concurrent Preclean
[2021-09-29T09:09:46.707-0530][gc,marking    ] GC(4) Concurrent Preclean 0.112ms
[2021-09-29T09:09:46.707-0530][gc,marking    ] GC(4) Concurrent Mark (4.724s, 4.741s) 17.390ms
[2021-09-29T09:09:46.709-0530][gc,start      ] GC(4) Pause Remark
[2021-09-29T09:09:46.712-0530][gc,stringtable] GC(4) Cleaned string and symbol table, strings: 11268 processed, 7 removed, symbols: 96657 processed, 28 removed
[2021-09-29T09:09:46.712-0530][gc            ] GC(4) Pause Remark 140M->140M(1024M) 3.614ms
[2021-09-29T09:09:46.712-0530][gc,cpu        ] GC(4) User=0.01s Sys=0.00s Real=0.01s
[2021-09-29T09:09:46.712-0530][gc,marking    ] GC(4) Concurrent Rebuild Remembered Sets
[2021-09-29T09:09:46.724-0530][gc,marking    ] GC(4) Concurrent Rebuild Remembered Sets 11.567ms
[2021-09-29T09:09:46.725-0530][gc,start      ] GC(4) Pause Cleanup
[2021-09-29T09:09:46.725-0530][gc            ] GC(4) Pause Cleanup 140M->140M(1024M) 0.344ms
[2021-09-29T09:09:46.725-0530][gc,cpu        ] GC(4) User=0.00s Sys=0.00s Real=0.00s
[2021-09-29T09:09:46.725-0530][gc,marking    ] GC(4) Concurrent Cleanup for Next Mark
[2021-09-29T09:09:46.738-0530][gc,marking    ] GC(4) Concurrent Cleanup for Next Mark 13.240ms
[2021-09-29T09:09:46.738-0530][gc            ] GC(4) Concurrent Cycle 52.479ms
[2021-09-29T09:09:58.836-0530][gc,start      ] GC(5) Pause Young (Normal) (G1 Evacuation Pause)
[2021-09-29T09:09:58.837-0530][gc,task       ] GC(5) Using 4 workers of 4 for evacuation
[2021-09-29T09:09:58.849-0530][gc,phases     ] GC(5)   Pre Evacuate Collection Set: 0.1ms
[2021-09-29T09:09:58.849-0530][gc,phases     ] GC(5)   Evacuate Collection Set: 10.5ms
[2021-09-29T09:09:58.849-0530][gc,phases     ] GC(5)   Post Evacuate Collection Set: 0.5ms
[2021-09-29T09:09:58.849-0530][gc,phases     ] GC(5)   Other: 1.1ms
[2021-09-29T09:09:58.849-0530][gc,heap       ] GC(5) Eden regions: 48->0(44)
[2021-09-29T09:09:58.849-0530][gc,heap       ] GC(5) Survivor regions: 3->7(7)
[2021-09-29T09:09:58.849-0530][gc,heap       ] GC(5) Old regions: 7->7
[2021-09-29T09:09:58.849-0530][gc,heap       ] GC(5) Humongous regions: 129->129
[2021-09-29T09:09:58.849-0530][gc,metaspace  ] GC(5) Metaspace: 43431K->43431K(1089536K)
[2021-09-29T09:09:58.849-0530][gc            ] GC(5) Pause Young (Normal) (G1 Evacuation Pause) 186M->141M(1024M) 12.329ms
[2021-09-29T09:09:58.849-0530][gc,cpu        ] GC(5) User=0.04s Sys=0.01s Real=0.01s
[2021-09-29T10:04:36.399-0530][gc,start      ] GC(6) Pause Young (Normal) (G1 Evacuation Pause)
[2021-09-29T10:04:36.401-0530][gc,task       ] GC(6) Using 4 workers of 4 for evacuation
[2021-09-29T10:04:36.435-0530][gc,mmu        ] GC(6) MMU target violated: 21.0ms (20.0ms/21.0ms)
[2021-09-29T10:04:36.438-0530][gc,phases     ] GC(6)   Pre Evacuate Collection Set: 2.5ms
[2021-09-29T10:04:36.438-0530][gc,phases     ] GC(6)   Evacuate Collection Set: 30.0ms
[2021-09-29T10:04:36.438-0530][gc,phases     ] GC(6)   Post Evacuate Collection Set: 0.8ms
[2021-09-29T10:04:36.438-0530][gc,phases     ] GC(6)   Other: 3.2ms
[2021-09-29T10:04:36.438-0530][gc,heap       ] GC(6) Eden regions: 44->0(49)
[2021-09-29T10:04:36.438-0530][gc,heap       ] GC(6) Survivor regions: 7->2(7)
[2021-09-29T10:04:36.438-0530][gc,heap       ] GC(6) Old regions: 7->13
[2021-09-29T10:04:36.438-0530][gc,heap       ] GC(6) Humongous regions: 129->129
[2021-09-29T10:04:36.438-0530][gc,metaspace  ] GC(6) Metaspace: 48691K->48691K(1093632K)
[2021-09-29T10:04:36.439-0530][gc            ] GC(6) Pause Young (Normal) (G1 Evacuation Pause) 185M->143M(1024M) 39.195ms
[2021-09-29T10:04:36.439-0530][gc,cpu        ] GC(6) User=0.05s Sys=0.06s Real=0.04s
[2021-09-29T10:26:53.502-0530][gc,start      ] GC(7) Pause Young (Normal) (G1 Evacuation Pause)
[2021-09-29T10:26:53.502-0530][gc,task       ] GC(7) Using 4 workers of 4 for evacuation
[2021-09-29T10:26:53.508-0530][gc,phases     ] GC(7)   Pre Evacuate Collection Set: 0.0ms
[2021-09-29T10:26:53.508-0530][gc,phases     ] GC(7)   Evacuate Collection Set: 4.3ms
[2021-09-29T10:26:53.508-0530][gc,phases     ] GC(7)   Post Evacuate Collection Set: 0.6ms
[2021-09-29T10:26:53.508-0530][gc,phases     ] GC(7)   Other: 1.1ms
[2021-09-29T10:26:53.508-0530][gc,heap       ] GC(7) Eden regions: 49->0(48)
[2021-09-29T10:26:53.508-0530][gc,heap       ] GC(7) Survivor regions: 2->3(7)
[2021-09-29T10:26:53.508-0530][gc,heap       ] GC(7) Old regions: 13->13
[2021-09-29T10:26:53.508-0530][gc,heap       ] GC(7) Humongous regions: 129->129
[2021-09-29T10:26:53.508-0530][gc,metaspace  ] GC(7) Metaspace: 49903K->49903K(1093632K)
[2021-09-29T10:26:53.508-0530][gc            ] GC(7) Pause Young (Normal) (G1 Evacuation Pause) 192M->144M(1024M) 6.149ms
[2021-09-29T10:26:53.508-0530][gc,cpu        ] GC(7) User=0.02s Sys=0.00s Real=0.00s
[2021-09-29T11:23:57.277-0530][gc,start      ] GC(8) Pause Young (Normal) (G1 Evacuation Pause)
[2021-09-29T11:23:57.277-0530][gc,task       ] GC(8) Using 4 workers of 4 for evacuation
[2021-09-29T11:23:57.288-0530][gc,phases     ] GC(8)   Pre Evacuate Collection Set: 0.0ms
[2021-09-29T11:23:57.288-0530][gc,phases     ] GC(8)   Evacuate Collection Set: 9.6ms
[2021-09-29T11:23:57.288-0530][gc,phases     ] GC(8)   Post Evacuate Collection Set: 1.1ms
[2021-09-29T11:23:57.288-0530][gc,phases     ] GC(8)   Other: 0.4ms
[2021-09-29T11:23:57.288-0530][gc,heap       ] GC(8) Eden regions: 48->0(48)
[2021-09-29T11:23:57.288-0530][gc,heap       ] GC(8) Survivor regions: 3->3(7)
[2021-09-29T11:23:57.288-0530][gc,heap       ] GC(8) Old regions: 13->13
[2021-09-29T11:23:57.288-0530][gc,heap       ] GC(8) Humongous regions: 129->129
[2021-09-29T11:23:57.288-0530][gc,metaspace  ] GC(8) Metaspace: 50118K->50118K(1095680K)
[2021-09-29T11:23:57.289-0530][gc            ] GC(8) Pause Young (Normal) (G1 Evacuation Pause) 192M->144M(1024M) 11.425ms
[2021-09-29T11:23:57.289-0530][gc,cpu        ] GC(8) User=0.04s Sys=0.00s Real=0.01s
