[2021-09-28T20:13:55.080-0530][gc,heap] Heap region size: 1M
[2021-09-28T20:13:55.090-0530][gc     ] Using G1
[2021-09-28T20:13:55.090-0530][gc,heap,coops] Heap address: 0x00000007c0000000, size: 1024 MB, Compressed Oops mode: Zero based, Oop shift amount: 3
[2021-09-28T20:13:56.786-0530][gc,start     ] GC(0) Pause Young (Concurrent Start) (Metadata GC Threshold)
[2021-09-28T20:13:56.787-0530][gc,task      ] GC(0) Using 4 workers of 4 for evacuation
[2021-09-28T20:13:56.796-0530][gc,phases    ] GC(0)   Pre Evacuate Collection Set: 0.0ms
[2021-09-28T20:13:56.796-0530][gc,phases    ] GC(0)   Evacuate Collection Set: 8.4ms
[2021-09-28T20:13:56.796-0530][gc,phases    ] GC(0)   Post Evacuate Collection Set: 0.5ms
[2021-09-28T20:13:56.796-0530][gc,phases    ] GC(0)   Other: 0.8ms
[2021-09-28T20:13:56.796-0530][gc,heap      ] GC(0) Eden regions: 43->0(44)
[2021-09-28T20:13:56.796-0530][gc,heap      ] GC(0) Survivor regions: 0->7(7)
[2021-09-28T20:13:56.796-0530][gc,heap      ] GC(0) Old regions: 0->0
[2021-09-28T20:13:56.796-0530][gc,heap      ] GC(0) Humongous regions: 0->0
[2021-09-28T20:13:56.796-0530][gc,metaspace ] GC(0) Metaspace: 20667K->20667K(1069056K)
[2021-09-28T20:13:56.796-0530][gc           ] GC(0) Pause Young (Concurrent Start) (Metadata GC Threshold) 43M->6M(1024M) 9.905ms
[2021-09-28T20:13:56.796-0530][gc,cpu       ] GC(0) User=0.02s Sys=0.00s Real=0.01s
[2021-09-28T20:13:56.796-0530][gc           ] GC(1) Concurrent Cycle
[2021-09-28T20:13:56.796-0530][gc,marking   ] GC(1) Concurrent Clear Claimed Marks
[2021-09-28T20:13:56.797-0530][gc,marking   ] GC(1) Concurrent Clear Claimed Marks 0.049ms
[2021-09-28T20:13:56.797-0530][gc,marking   ] GC(1) Concurrent Scan Root Regions
[2021-09-28T20:13:56.801-0530][gc,marking   ] GC(1) Concurrent Scan Root Regions 3.955ms
[2021-09-28T20:13:56.801-0530][gc,marking   ] GC(1) Concurrent Mark (1.729s)
[2021-09-28T20:13:56.801-0530][gc,marking   ] GC(1) Concurrent Mark From Roots
[2021-09-28T20:13:56.801-0530][gc,task      ] GC(1) Using 1 workers of 1 for marking
[2021-09-28T20:13:56.801-0530][gc,marking   ] GC(1) Concurrent Mark From Roots 0.154ms
[2021-09-28T20:13:56.801-0530][gc,marking   ] GC(1) Concurrent Preclean
[2021-09-28T20:13:56.801-0530][gc,marking   ] GC(1) Concurrent Preclean 0.062ms
[2021-09-28T20:13:56.801-0530][gc,marking   ] GC(1) Concurrent Mark (1.729s, 1.729s) 0.328ms
[2021-09-28T20:13:56.801-0530][gc,start     ] GC(1) Pause Remark
[2021-09-28T20:13:56.805-0530][gc,stringtable] GC(1) Cleaned string and symbol table, strings: 7475 processed, 0 removed, symbols: 63497 processed, 29 removed
[2021-09-28T20:13:56.805-0530][gc            ] GC(1) Pause Remark 7M->7M(1024M) 4.385ms
[2021-09-28T20:13:56.805-0530][gc,cpu        ] GC(1) User=0.00s Sys=0.00s Real=0.00s
[2021-09-28T20:13:56.806-0530][gc,marking    ] GC(1) Concurrent Rebuild Remembered Sets
[2021-09-28T20:13:56.806-0530][gc,marking    ] GC(1) Concurrent Rebuild Remembered Sets 0.102ms
[2021-09-28T20:13:56.806-0530][gc,start      ] GC(1) Pause Cleanup
[2021-09-28T20:13:56.806-0530][gc            ] GC(1) Pause Cleanup 7M->7M(1024M) 0.175ms
[2021-09-28T20:13:56.806-0530][gc,cpu        ] GC(1) User=0.00s Sys=0.00s Real=0.00s
[2021-09-28T20:13:56.806-0530][gc,marking    ] GC(1) Concurrent Cleanup for Next Mark
[2021-09-28T20:13:56.816-0530][gc,marking    ] GC(1) Concurrent Cleanup for Next Mark 9.493ms
[2021-09-28T20:13:56.816-0530][gc            ] GC(1) Concurrent Cycle 19.399ms
[2021-09-28T20:13:58.817-0530][gc,start      ] GC(2) Pause Young (Normal) (G1 Evacuation Pause)
[2021-09-28T20:13:58.817-0530][gc,task       ] GC(2) Using 4 workers of 4 for evacuation
[2021-09-28T20:13:58.828-0530][gc,phases     ] GC(2)   Pre Evacuate Collection Set: 0.0ms
[2021-09-28T20:13:58.828-0530][gc,phases     ] GC(2)   Evacuate Collection Set: 9.9ms
[2021-09-28T20:13:58.828-0530][gc,phases     ] GC(2)   Post Evacuate Collection Set: 0.5ms
[2021-09-28T20:13:58.828-0530][gc,phases     ] GC(2)   Other: 0.2ms
[2021-09-28T20:13:58.828-0530][gc,heap       ] GC(2) Eden regions: 44->0(49)
[2021-09-28T20:13:58.828-0530][gc,heap       ] GC(2) Survivor regions: 7->2(7)
[2021-09-28T20:13:58.828-0530][gc,heap       ] GC(2) Old regions: 0->7
[2021-09-28T20:13:58.828-0530][gc,heap       ] GC(2) Humongous regions: 0->0
[2021-09-28T20:13:58.828-0530][gc,metaspace  ] GC(2) Metaspace: 30589K->30589K(1077248K)
[2021-09-28T20:13:58.828-0530][gc            ] GC(2) Pause Young (Normal) (G1 Evacuation Pause) 50M->8M(1024M) 10.886ms
[2021-09-28T20:13:58.828-0530][gc,cpu        ] GC(2) User=0.04s Sys=0.01s Real=0.01s
[2021-09-28T20:13:59.532-0530][gc,start      ] GC(3) Pause Young (Concurrent Start) (Metadata GC Threshold)
[2021-09-28T20:13:59.532-0530][gc,task       ] GC(3) Using 4 workers of 4 for evacuation
[2021-09-28T20:13:59.536-0530][gc,phases     ] GC(3)   Pre Evacuate Collection Set: 0.1ms
[2021-09-28T20:13:59.536-0530][gc,phases     ] GC(3)   Evacuate Collection Set: 3.2ms
[2021-09-28T20:13:59.536-0530][gc,phases     ] GC(3)   Post Evacuate Collection Set: 0.3ms
[2021-09-28T20:13:59.536-0530][gc,phases     ] GC(3)   Other: 0.2ms
[2021-09-28T20:13:59.536-0530][gc,heap       ] GC(3) Eden regions: 20->0(48)
[2021-09-28T20:13:59.536-0530][gc,heap       ] GC(3) Survivor regions: 2->3(7)
[2021-09-28T20:13:59.536-0530][gc,heap       ] GC(3) Old regions: 7->7
[2021-09-28T20:13:59.536-0530][gc,heap       ] GC(3) Humongous regions: 129->129
[2021-09-28T20:13:59.536-0530][gc,metaspace  ] GC(3) Metaspace: 34458K->34458K(1081344K)
[2021-09-28T20:13:59.536-0530][gc            ] GC(3) Pause Young (Concurrent Start) (Metadata GC Threshold) 156M->138M(1024M) 4.067ms
[2021-09-28T20:13:59.536-0530][gc,cpu        ] GC(3) User=0.01s Sys=0.00s Real=0.00s
[2021-09-28T20:13:59.536-0530][gc            ] GC(4) Concurrent Cycle
[2021-09-28T20:13:59.537-0530][gc,marking    ] GC(4) Concurrent Clear Claimed Marks
[2021-09-28T20:13:59.537-0530][gc,marking    ] GC(4) Concurrent Clear Claimed Marks 0.120ms
[2021-09-28T20:13:59.537-0530][gc,marking    ] GC(4) Concurrent Scan Root Regions
[2021-09-28T20:13:59.540-0530][gc,marking    ] GC(4) Concurrent Scan Root Regions 3.218ms
[2021-09-28T20:13:59.540-0530][gc,marking    ] GC(4) Concurrent Mark (4.468s)
[2021-09-28T20:13:59.540-0530][gc,marking    ] GC(4) Concurrent Mark From Roots
[2021-09-28T20:13:59.540-0530][gc,task       ] GC(4) Using 1 workers of 1 for marking
[2021-09-28T20:13:59.553-0530][gc,marking    ] GC(4) Concurrent Mark From Roots 13.494ms
[2021-09-28T20:13:59.554-0530][gc,marking    ] GC(4) Concurrent Preclean
[2021-09-28T20:13:59.554-0530][gc,marking    ] GC(4) Concurrent Preclean 0.079ms
[2021-09-28T20:13:59.554-0530][gc,marking    ] GC(4) Concurrent Mark (4.468s, 4.482s) 13.657ms
[2021-09-28T20:13:59.554-0530][gc,start      ] GC(4) Pause Remark
[2021-09-28T20:13:59.557-0530][gc,stringtable] GC(4) Cleaned string and symbol table, strings: 10765 processed, 8 removed, symbols: 95371 processed, 24 removed
[2021-09-28T20:13:59.557-0530][gc            ] GC(4) Pause Remark 139M->139M(1024M) 3.058ms
[2021-09-28T20:13:59.557-0530][gc,cpu        ] GC(4) User=0.01s Sys=0.00s Real=0.00s
[2021-09-28T20:13:59.557-0530][gc,marking    ] GC(4) Concurrent Rebuild Remembered Sets
[2021-09-28T20:13:59.564-0530][gc,marking    ] GC(4) Concurrent Rebuild Remembered Sets 7.412ms
[2021-09-28T20:13:59.564-0530][gc,start      ] GC(4) Pause Cleanup
[2021-09-28T20:13:59.565-0530][gc            ] GC(4) Pause Cleanup 139M->139M(1024M) 0.134ms
[2021-09-28T20:13:59.565-0530][gc,cpu        ] GC(4) User=0.00s Sys=0.00s Real=0.00s
[2021-09-28T20:13:59.565-0530][gc,marking    ] GC(4) Concurrent Cleanup for Next Mark
[2021-09-28T20:13:59.575-0530][gc,marking    ] GC(4) Concurrent Cleanup for Next Mark 10.709ms
[2021-09-28T20:13:59.575-0530][gc            ] GC(4) Concurrent Cycle 38.921ms
[2021-09-28T20:14:00.888-0530][gc,start      ] GC(5) Pause Young (Normal) (G1 Evacuation Pause)
[2021-09-28T20:14:00.888-0530][gc,task       ] GC(5) Using 4 workers of 4 for evacuation
[2021-09-28T20:14:00.898-0530][gc,phases     ] GC(5)   Pre Evacuate Collection Set: 0.0ms
[2021-09-28T20:14:00.898-0530][gc,phases     ] GC(5)   Evacuate Collection Set: 9.2ms
[2021-09-28T20:14:00.898-0530][gc,phases     ] GC(5)   Post Evacuate Collection Set: 0.5ms
[2021-09-28T20:14:00.898-0530][gc,phases     ] GC(5)   Other: 0.2ms
[2021-09-28T20:14:00.898-0530][gc,heap       ] GC(5) Eden regions: 48->0(44)
[2021-09-28T20:14:00.898-0530][gc,heap       ] GC(5) Survivor regions: 3->7(7)
[2021-09-28T20:14:00.898-0530][gc,heap       ] GC(5) Old regions: 7->7
[2021-09-28T20:14:00.898-0530][gc,heap       ] GC(5) Humongous regions: 129->129
[2021-09-28T20:14:00.898-0530][gc,metaspace  ] GC(5) Metaspace: 43044K->43044K(1089536K)
[2021-09-28T20:14:00.898-0530][gc            ] GC(5) Pause Young (Normal) (G1 Evacuation Pause) 186M->141M(1024M) 10.144ms
[2021-09-28T20:14:00.898-0530][gc,cpu        ] GC(5) User=0.03s Sys=0.00s Real=0.01s
[2021-09-28T20:40:45.236-0530][gc,start      ] GC(6) Pause Young (Normal) (G1 Evacuation Pause)
[2021-09-28T20:40:45.237-0530][gc,task       ] GC(6) Using 4 workers of 4 for evacuation
[2021-09-28T20:40:45.270-0530][gc,mmu        ] GC(6) MMU target violated: 21.0ms (20.0ms/21.0ms)
[2021-09-28T20:40:45.270-0530][gc,phases     ] GC(6)   Pre Evacuate Collection Set: 1.9ms
[2021-09-28T20:40:45.270-0530][gc,phases     ] GC(6)   Evacuate Collection Set: 29.2ms
[2021-09-28T20:40:45.270-0530][gc,phases     ] GC(6)   Post Evacuate Collection Set: 1.0ms
[2021-09-28T20:40:45.270-0530][gc,phases     ] GC(6)   Other: 2.1ms
[2021-09-28T20:40:45.270-0530][gc,heap       ] GC(6) Eden regions: 44->0(49)
[2021-09-28T20:40:45.270-0530][gc,heap       ] GC(6) Survivor regions: 7->2(7)
[2021-09-28T20:40:45.270-0530][gc,heap       ] GC(6) Old regions: 7->13
[2021-09-28T20:40:45.270-0530][gc,heap       ] GC(6) Humongous regions: 129->129
[2021-09-28T20:40:45.270-0530][gc,metaspace  ] GC(6) Metaspace: 48172K->48172K(1093632K)
[2021-09-28T20:40:45.270-0530][gc            ] GC(6) Pause Young (Normal) (G1 Evacuation Pause) 185M->143M(1024M) 34.339ms
[2021-09-28T20:40:45.270-0530][gc,cpu        ] GC(6) User=0.04s Sys=0.04s Real=0.04s
