[2021-09-29T09:09:37.136-0530][gc,heap] Heap region size: 1M
[2021-09-29T09:09:37.141-0530][gc     ] Using G1
[2021-09-29T09:09:37.141-0530][gc,heap,coops] Heap address: 0x00000007e0000000, size: 512 MB, Compressed Oops mode: Zero based, Oop shift amount: 3
[2021-09-29T09:09:38.880-0530][gc,start     ] GC(0) Pause Young (Normal) (G1 Evacuation Pause)
[2021-09-29T09:09:38.881-0530][gc,task      ] GC(0) Using 4 workers of 4 for evacuation
[2021-09-29T09:09:38.887-0530][gc,phases    ] GC(0)   Pre Evacuate Collection Set: 0.0ms
[2021-09-29T09:09:38.888-0530][gc,phases    ] GC(0)   Evacuate Collection Set: 6.3ms
[2021-09-29T09:09:38.888-0530][gc,phases    ] GC(0)   Post Evacuate Collection Set: 0.4ms
[2021-09-29T09:09:38.888-0530][gc,phases    ] GC(0)   Other: 0.4ms
[2021-09-29T09:09:38.888-0530][gc,heap      ] GC(0) Eden regions: 25->0(21)
[2021-09-29T09:09:38.888-0530][gc,heap      ] GC(0) Survivor regions: 0->4(4)
[2021-09-29T09:09:38.888-0530][gc,heap      ] GC(0) Old regions: 0->4
[2021-09-29T09:09:38.888-0530][gc,heap      ] GC(0) Humongous regions: 0->0
[2021-09-29T09:09:38.888-0530][gc,metaspace ] GC(0) Metaspace: 15188K->15188K(1062912K)
[2021-09-29T09:09:38.888-0530][gc           ] GC(0) Pause Young (Normal) (G1 Evacuation Pause) 25M->7M(512M) 7.303ms
[2021-09-29T09:09:38.888-0530][gc,cpu       ] GC(0) User=0.02s Sys=0.00s Real=0.00s
