[2021-09-28T20:57:14.502-0530][gc,heap] Heap region size: 1M
[2021-09-28T20:57:14.507-0530][gc     ] Using G1
[2021-09-28T20:57:14.507-0530][gc,heap,coops] Heap address: 0x00000007e0000000, size: 512 MB, Compressed Oops mode: Zero based, Oop shift amount: 3
[2021-09-28T20:57:16.159-0530][gc,start     ] GC(0) Pause Young (Normal) (G1 Evacuation Pause)
[2021-09-28T20:57:16.159-0530][gc,task      ] GC(0) Using 4 workers of 4 for evacuation
[2021-09-28T20:57:16.166-0530][gc,phases    ] GC(0)   Pre Evacuate Collection Set: 0.0ms
[2021-09-28T20:57:16.166-0530][gc,phases    ] GC(0)   Evacuate Collection Set: 6.1ms
[2021-09-28T20:57:16.166-0530][gc,phases    ] GC(0)   Post Evacuate Collection Set: 0.4ms
[2021-09-28T20:57:16.166-0530][gc,phases    ] GC(0)   Other: 0.4ms
[2021-09-28T20:57:16.166-0530][gc,heap      ] GC(0) Eden regions: 25->0(21)
[2021-09-28T20:57:16.166-0530][gc,heap      ] GC(0) Survivor regions: 0->4(4)
[2021-09-28T20:57:16.166-0530][gc,heap      ] GC(0) Old regions: 0->4
[2021-09-28T20:57:16.166-0530][gc,heap      ] GC(0) Humongous regions: 0->0
[2021-09-28T20:57:16.166-0530][gc,metaspace ] GC(0) Metaspace: 15317K->15317K(1062912K)
[2021-09-28T20:57:16.166-0530][gc           ] GC(0) Pause Young (Normal) (G1 Evacuation Pause) 25M->7M(512M) 7.035ms
[2021-09-28T20:57:16.166-0530][gc,cpu       ] GC(0) User=0.02s Sys=0.00s Real=0.01s
[2021-09-29T08:36:30.276-0530][gc,heap,exit ] Heap
[2021-09-29T08:36:30.277-0530][gc,heap,exit ]  garbage-first heap   total 524288K, used 23820K [0x00000007e0000000, 0x0000000800000000)
[2021-09-29T08:36:30.278-0530][gc,heap,exit ]   region size 1024K, 21 young (21504K), 4 survivors (4096K)
[2021-09-29T08:36:30.279-0530][gc,heap,exit ]  Metaspace       used 16985K, capacity 17325K, committed 17536K, reserved 1064960K
[2021-09-29T08:36:30.280-0530][gc,heap,exit ]   class space    used 1685K, capacity 1818K, committed 1920K, reserved 1048576K
