[2021-09-29T08:40:07.664-0530][gc,heap] Heap region size: 1M
[2021-09-29T08:40:07.669-0530][gc     ] Using G1
[2021-09-29T08:40:07.669-0530][gc,heap,coops] Heap address: 0x00000007e0000000, size: 512 MB, Compressed Oops mode: Zero based, Oop shift amount: 3
[2021-09-29T08:40:09.539-0530][gc,start     ] GC(0) Pause Young (Normal) (G1 Evacuation Pause)
[2021-09-29T08:40:09.540-0530][gc,task      ] GC(0) Using 4 workers of 4 for evacuation
[2021-09-29T08:40:09.554-0530][gc,phases    ] GC(0)   Pre Evacuate Collection Set: 0.0ms
[2021-09-29T08:40:09.554-0530][gc,phases    ] GC(0)   Evacuate Collection Set: 13.2ms
[2021-09-29T08:40:09.554-0530][gc,phases    ] GC(0)   Post Evacuate Collection Set: 0.9ms
[2021-09-29T08:40:09.554-0530][gc,phases    ] GC(0)   Other: 0.4ms
[2021-09-29T08:40:09.554-0530][gc,heap      ] GC(0) Eden regions: 25->0(21)
[2021-09-29T08:40:09.554-0530][gc,heap      ] GC(0) Survivor regions: 0->4(4)
[2021-09-29T08:40:09.554-0530][gc,heap      ] GC(0) Old regions: 0->4
[2021-09-29T08:40:09.554-0530][gc,heap      ] GC(0) Humongous regions: 0->0
[2021-09-29T08:40:09.554-0530][gc,metaspace ] GC(0) Metaspace: 15176K->15176K(1062912K)
[2021-09-29T08:40:09.554-0530][gc           ] GC(0) Pause Young (Normal) (G1 Evacuation Pause) 25M->7M(512M) 14.854ms
[2021-09-29T08:40:09.554-0530][gc,cpu       ] GC(0) User=0.02s Sys=0.01s Real=0.02s
[2021-09-29T09:04:01.683-0530][gc,heap,exit ] Heap
[2021-09-29T09:04:01.684-0530][gc,heap,exit ]  garbage-first heap   total 524288K, used 16725K [0x00000007e0000000, 0x0000000800000000)
[2021-09-29T09:04:01.684-0530][gc,heap,exit ]   region size 1024K, 14 young (14336K), 4 survivors (4096K)
[2021-09-29T09:04:01.684-0530][gc,heap,exit ]  Metaspace       used 16718K, capacity 17068K, committed 17280K, reserved 1064960K
[2021-09-29T09:04:01.685-0530][gc,heap,exit ]   class space    used 1684K, capacity 1818K, committed 1920K, reserved 1048576K
